[foo,-2,-2] => Conjured foo, -3, 0
[foo,-2,-1] => Conjured foo, -3, 0
[foo,-2,0] => Conjured foo, -3, 0
[foo,-2,1] => Conjured foo, -3, 0
[foo,-2,2] => Conjured foo, -3, 0
[foo,-2,3] => Conjured foo, -3, 0
[foo,-2,4] => Conjured foo, -3, 0
[foo,-2,5] => Conjured foo, -3, 1
[foo,-2,6] => Conjured foo, -3, 2
[foo,-2,7] => Conjured foo, -3, 3
[foo,-2,8] => Conjured foo, -3, 4
[foo,-2,9] => Conjured foo, -3, 5
[foo,-2,10] => Conjured foo, -3, 6
[foo,-2,11] => Conjured foo, -3, 7
[foo,-2,12] => Conjured foo, -3, 8
[foo,-1,-2] => Conjured foo, -2, 0
[foo,-1,-1] => Conjured foo, -2, 0
[foo,-1,0] => Conjured foo, -2, 0
[foo,-1,1] => Conjured foo, -2, 0
[foo,-1,2] => Conjured foo, -2, 0
[foo,-1,3] => Conjured foo, -2, 0
[foo,-1,4] => Conjured foo, -2, 0
[foo,-1,5] => Conjured foo, -2, 1
[foo,-1,6] => Conjured foo, -2, 2
[foo,-1,7] => Conjured foo, -2, 3
[foo,-1,8] => Conjured foo, -2, 4
[foo,-1,9] => Conjured foo, -2, 5
[foo,-1,10] => Conjured foo, -2, 6
[foo,-1,11] => Conjured foo, -2, 7
[foo,-1,12] => Conjured foo, -2, 8
[foo,0,-2] => Conjured foo, -1, 0
[foo,0,-1] => Conjured foo, -1, 0
[foo,0,0] => Conjured foo, -1, 0
[foo,0,1] => Conjured foo, -1, 0
[foo,0,2] => Conjured foo, -1, 0
[foo,0,3] => Conjured foo, -1, 0
[foo,0,4] => Conjured foo, -1, 0
[foo,0,5] => Conjured foo, -1, 1
[foo,0,6] => Conjured foo, -1, 2
[foo,0,7] => Conjured foo, -1, 3
[foo,0,8] => Conjured foo, -1, 4
[foo,0,9] => Conjured foo, -1, 5
[foo,0,10] => Conjured foo, -1, 6
[foo,0,11] => Conjured foo, -1, 7
[foo,0,12] => Conjured foo, -1, 8
[foo,1,-2] => Conjured foo, 0, 0
[foo,1,-1] => Conjured foo, 0, 0
[foo,1,0] => Conjured foo, 0, 0
[foo,1,1] => Conjured foo, 0, 0
[foo,1,2] => Conjured foo, 0, 0
[foo,1,3] => Conjured foo, 0, 1
[foo,1,4] => Conjured foo, 0, 2
[foo,1,5] => Conjured foo, 0, 3
[foo,1,6] => Conjured foo, 0, 4
[foo,1,7] => Conjured foo, 0, 5
[foo,1,8] => Conjured foo, 0, 6
[foo,1,9] => Conjured foo, 0, 7
[foo,1,10] => Conjured foo, 0, 8
[foo,1,11] => Conjured foo, 0, 9
[foo,1,12] => Conjured foo, 0, 10
[foo,2,-2] => Conjured foo, 1, 0
[foo,2,-1] => Conjured foo, 1, 0
[foo,2,0] => Conjured foo, 1, 0
[foo,2,1] => Conjured foo, 1, 0
[foo,2,2] => Conjured foo, 1, 0
[foo,2,3] => Conjured foo, 1, 1
[foo,2,4] => Conjured foo, 1, 2
[foo,2,5] => Conjured foo, 1, 3
[foo,2,6] => Conjured foo, 1, 4
[foo,2,7] => Conjured foo, 1, 5
[foo,2,8] => Conjured foo, 1, 6
[foo,2,9] => Conjured foo, 1, 7
[foo,2,10] => Conjured foo, 1, 8
[foo,2,11] => Conjured foo, 1, 9
[foo,2,12] => Conjured foo, 1, 10
[foo,3,-2] => Conjured foo, 2, 0
[foo,3,-1] => Conjured foo, 2, 0
[foo,3,0] => Conjured foo, 2, 0
[foo,3,1] => Conjured foo, 2, 0
[foo,3,2] => Conjured foo, 2, 0
[foo,3,3] => Conjured foo, 2, 1
[foo,3,4] => Conjured foo, 2, 2
[foo,3,5] => Conjured foo, 2, 3
[foo,3,6] => Conjured foo, 2, 4
[foo,3,7] => Conjured foo, 2, 5
[foo,3,8] => Conjured foo, 2, 6
[foo,3,9] => Conjured foo, 2, 7
[foo,3,10] => Conjured foo, 2, 8
[foo,3,11] => Conjured foo, 2, 9
[foo,3,12] => Conjured foo, 2, 10
[foo,4,-2] => Conjured foo, 3, 0
[foo,4,-1] => Conjured foo, 3, 0
[foo,4,0] => Conjured foo, 3, 0
[foo,4,1] => Conjured foo, 3, 0
[foo,4,2] => Conjured foo, 3, 0
[foo,4,3] => Conjured foo, 3, 1
[foo,4,4] => Conjured foo, 3, 2
[foo,4,5] => Conjured foo, 3, 3
[foo,4,6] => Conjured foo, 3, 4
[foo,4,7] => Conjured foo, 3, 5
[foo,4,8] => Conjured foo, 3, 6
[foo,4,9] => Conjured foo, 3, 7
[foo,4,10] => Conjured foo, 3, 8
[foo,4,11] => Conjured foo, 3, 9
[foo,4,12] => Conjured foo, 3, 10
[foo,5,-2] => Conjured foo, 4, 0
[foo,5,-1] => Conjured foo, 4, 0
[foo,5,0] => Conjured foo, 4, 0
[foo,5,1] => Conjured foo, 4, 0
[foo,5,2] => Conjured foo, 4, 0
[foo,5,3] => Conjured foo, 4, 1
[foo,5,4] => Conjured foo, 4, 2
[foo,5,5] => Conjured foo, 4, 3
[foo,5,6] => Conjured foo, 4, 4
[foo,5,7] => Conjured foo, 4, 5
[foo,5,8] => Conjured foo, 4, 6
[foo,5,9] => Conjured foo, 4, 7
[foo,5,10] => Conjured foo, 4, 8
[foo,5,11] => Conjured foo, 4, 9
[foo,5,12] => Conjured foo, 4, 10
[foo,6,-2] => Conjured foo, 5, 0
[foo,6,-1] => Conjured foo, 5, 0
[foo,6,0] => Conjured foo, 5, 0
[foo,6,1] => Conjured foo, 5, 0
[foo,6,2] => Conjured foo, 5, 0
[foo,6,3] => Conjured foo, 5, 1
[foo,6,4] => Conjured foo, 5, 2
[foo,6,5] => Conjured foo, 5, 3
[foo,6,6] => Conjured foo, 5, 4
[foo,6,7] => Conjured foo, 5, 5
[foo,6,8] => Conjured foo, 5, 6
[foo,6,9] => Conjured foo, 5, 7
[foo,6,10] => Conjured foo, 5, 8
[foo,6,11] => Conjured foo, 5, 9
[foo,6,12] => Conjured foo, 5, 10
[foo,7,-2] => Conjured foo, 6, 0
[foo,7,-1] => Conjured foo, 6, 0
[foo,7,0] => Conjured foo, 6, 0
[foo,7,1] => Conjured foo, 6, 0
[foo,7,2] => Conjured foo, 6, 0
[foo,7,3] => Conjured foo, 6, 1
[foo,7,4] => Conjured foo, 6, 2
[foo,7,5] => Conjured foo, 6, 3
[foo,7,6] => Conjured foo, 6, 4
[foo,7,7] => Conjured foo, 6, 5
[foo,7,8] => Conjured foo, 6, 6
[foo,7,9] => Conjured foo, 6, 7
[foo,7,10] => Conjured foo, 6, 8
[foo,7,11] => Conjured foo, 6, 9
[foo,7,12] => Conjured foo, 6, 10
[foo,8,-2] => Conjured foo, 7, 0
[foo,8,-1] => Conjured foo, 7, 0
[foo,8,0] => Conjured foo, 7, 0
[foo,8,1] => Conjured foo, 7, 0
[foo,8,2] => Conjured foo, 7, 0
[foo,8,3] => Conjured foo, 7, 1
[foo,8,4] => Conjured foo, 7, 2
[foo,8,5] => Conjured foo, 7, 3
[foo,8,6] => Conjured foo, 7, 4
[foo,8,7] => Conjured foo, 7, 5
[foo,8,8] => Conjured foo, 7, 6
[foo,8,9] => Conjured foo, 7, 7
[foo,8,10] => Conjured foo, 7, 8
[foo,8,11] => Conjured foo, 7, 9
[foo,8,12] => Conjured foo, 7, 10
[foo,9,-2] => Conjured foo, 8, 0
[foo,9,-1] => Conjured foo, 8, 0
[foo,9,0] => Conjured foo, 8, 0
[foo,9,1] => Conjured foo, 8, 0
[foo,9,2] => Conjured foo, 8, 0
[foo,9,3] => Conjured foo, 8, 1
[foo,9,4] => Conjured foo, 8, 2
[foo,9,5] => Conjured foo, 8, 3
[foo,9,6] => Conjured foo, 8, 4
[foo,9,7] => Conjured foo, 8, 5
[foo,9,8] => Conjured foo, 8, 6
[foo,9,9] => Conjured foo, 8, 7
[foo,9,10] => Conjured foo, 8, 8
[foo,9,11] => Conjured foo, 8, 9
[foo,9,12] => Conjured foo, 8, 10
[foo,10,-2] => Conjured foo, 9, 0
[foo,10,-1] => Conjured foo, 9, 0
[foo,10,0] => Conjured foo, 9, 0
[foo,10,1] => Conjured foo, 9, 0
[foo,10,2] => Conjured foo, 9, 0
[foo,10,3] => Conjured foo, 9, 1
[foo,10,4] => Conjured foo, 9, 2
[foo,10,5] => Conjured foo, 9, 3
[foo,10,6] => Conjured foo, 9, 4
[foo,10,7] => Conjured foo, 9, 5
[foo,10,8] => Conjured foo, 9, 6
[foo,10,9] => Conjured foo, 9, 7
[foo,10,10] => Conjured foo, 9, 8
[foo,10,11] => Conjured foo, 9, 9
[foo,10,12] => Conjured foo, 9, 10
[foo,11,-2] => Conjured foo, 10, 0
[foo,11,-1] => Conjured foo, 10, 0
[foo,11,0] => Conjured foo, 10, 0
[foo,11,1] => Conjured foo, 10, 0
[foo,11,2] => Conjured foo, 10, 0
[foo,11,3] => Conjured foo, 10, 1
[foo,11,4] => Conjured foo, 10, 2
[foo,11,5] => Conjured foo, 10, 3
[foo,11,6] => Conjured foo, 10, 4
[foo,11,7] => Conjured foo, 10, 5
[foo,11,8] => Conjured foo, 10, 6
[foo,11,9] => Conjured foo, 10, 7
[foo,11,10] => Conjured foo, 10, 8
[foo,11,11] => Conjured foo, 10, 9
[foo,11,12] => Conjured foo, 10, 10
[foo,12,-2] => Conjured foo, 11, 0
[foo,12,-1] => Conjured foo, 11, 0
[foo,12,0] => Conjured foo, 11, 0
[foo,12,1] => Conjured foo, 11, 0
[foo,12,2] => Conjured foo, 11, 0
[foo,12,3] => Conjured foo, 11, 1
[foo,12,4] => Conjured foo, 11, 2
[foo,12,5] => Conjured foo, 11, 3
[foo,12,6] => Conjured foo, 11, 4
[foo,12,7] => Conjured foo, 11, 5
[foo,12,8] => Conjured foo, 11, 6
[foo,12,9] => Conjured foo, 11, 7
[foo,12,10] => Conjured foo, 11, 8
[foo,12,11] => Conjured foo, 11, 9
[foo,12,12] => Conjured foo, 11, 10
[bar,-2,-2] => Conjured bar, -3, 0
[bar,-2,-1] => Conjured bar, -3, 0
[bar,-2,0] => Conjured bar, -3, 0
[bar,-2,1] => Conjured bar, -3, 0
[bar,-2,2] => Conjured bar, -3, 0
[bar,-2,3] => Conjured bar, -3, 0
[bar,-2,4] => Conjured bar, -3, 0
[bar,-2,5] => Conjured bar, -3, 1
[bar,-2,6] => Conjured bar, -3, 2
[bar,-2,7] => Conjured bar, -3, 3
[bar,-2,8] => Conjured bar, -3, 4
[bar,-2,9] => Conjured bar, -3, 5
[bar,-2,10] => Conjured bar, -3, 6
[bar,-2,11] => Conjured bar, -3, 7
[bar,-2,12] => Conjured bar, -3, 8
[bar,-1,-2] => Conjured bar, -2, 0
[bar,-1,-1] => Conjured bar, -2, 0
[bar,-1,0] => Conjured bar, -2, 0
[bar,-1,1] => Conjured bar, -2, 0
[bar,-1,2] => Conjured bar, -2, 0
[bar,-1,3] => Conjured bar, -2, 0
[bar,-1,4] => Conjured bar, -2, 0
[bar,-1,5] => Conjured bar, -2, 1
[bar,-1,6] => Conjured bar, -2, 2
[bar,-1,7] => Conjured bar, -2, 3
[bar,-1,8] => Conjured bar, -2, 4
[bar,-1,9] => Conjured bar, -2, 5
[bar,-1,10] => Conjured bar, -2, 6
[bar,-1,11] => Conjured bar, -2, 7
[bar,-1,12] => Conjured bar, -2, 8
[bar,0,-2] => Conjured bar, -1, 0
[bar,0,-1] => Conjured bar, -1, 0
[bar,0,0] => Conjured bar, -1, 0
[bar,0,1] => Conjured bar, -1, 0
[bar,0,2] => Conjured bar, -1, 0
[bar,0,3] => Conjured bar, -1, 0
[bar,0,4] => Conjured bar, -1, 0
[bar,0,5] => Conjured bar, -1, 1
[bar,0,6] => Conjured bar, -1, 2
[bar,0,7] => Conjured bar, -1, 3
[bar,0,8] => Conjured bar, -1, 4
[bar,0,9] => Conjured bar, -1, 5
[bar,0,10] => Conjured bar, -1, 6
[bar,0,11] => Conjured bar, -1, 7
[bar,0,12] => Conjured bar, -1, 8
[bar,1,-2] => Conjured bar, 0, 0
[bar,1,-1] => Conjured bar, 0, 0
[bar,1,0] => Conjured bar, 0, 0
[bar,1,1] => Conjured bar, 0, 0
[bar,1,2] => Conjured bar, 0, 0
[bar,1,3] => Conjured bar, 0, 1
[bar,1,4] => Conjured bar, 0, 2
[bar,1,5] => Conjured bar, 0, 3
[bar,1,6] => Conjured bar, 0, 4
[bar,1,7] => Conjured bar, 0, 5
[bar,1,8] => Conjured bar, 0, 6
[bar,1,9] => Conjured bar, 0, 7
[bar,1,10] => Conjured bar, 0, 8
[bar,1,11] => Conjured bar, 0, 9
[bar,1,12] => Conjured bar, 0, 10
[bar,2,-2] => Conjured bar, 1, 0
[bar,2,-1] => Conjured bar, 1, 0
[bar,2,0] => Conjured bar, 1, 0
[bar,2,1] => Conjured bar, 1, 0
[bar,2,2] => Conjured bar, 1, 0
[bar,2,3] => Conjured bar, 1, 1
[bar,2,4] => Conjured bar, 1, 2
[bar,2,5] => Conjured bar, 1, 3
[bar,2,6] => Conjured bar, 1, 4
[bar,2,7] => Conjured bar, 1, 5
[bar,2,8] => Conjured bar, 1, 6
[bar,2,9] => Conjured bar, 1, 7
[bar,2,10] => Conjured bar, 1, 8
[bar,2,11] => Conjured bar, 1, 9
[bar,2,12] => Conjured bar, 1, 10
[bar,3,-2] => Conjured bar, 2, 0
[bar,3,-1] => Conjured bar, 2, 0
[bar,3,0] => Conjured bar, 2, 0
[bar,3,1] => Conjured bar, 2, 0
[bar,3,2] => Conjured bar, 2, 0
[bar,3,3] => Conjured bar, 2, 1
[bar,3,4] => Conjured bar, 2, 2
[bar,3,5] => Conjured bar, 2, 3
[bar,3,6] => Conjured bar, 2, 4
[bar,3,7] => Conjured bar, 2, 5
[bar,3,8] => Conjured bar, 2, 6
[bar,3,9] => Conjured bar, 2, 7
[bar,3,10] => Conjured bar, 2, 8
[bar,3,11] => Conjured bar, 2, 9
[bar,3,12] => Conjured bar, 2, 10
[bar,4,-2] => Conjured bar, 3, 0
[bar,4,-1] => Conjured bar, 3, 0
[bar,4,0] => Conjured bar, 3, 0
[bar,4,1] => Conjured bar, 3, 0
[bar,4,2] => Conjured bar, 3, 0
[bar,4,3] => Conjured bar, 3, 1
[bar,4,4] => Conjured bar, 3, 2
[bar,4,5] => Conjured bar, 3, 3
[bar,4,6] => Conjured bar, 3, 4
[bar,4,7] => Conjured bar, 3, 5
[bar,4,8] => Conjured bar, 3, 6
[bar,4,9] => Conjured bar, 3, 7
[bar,4,10] => Conjured bar, 3, 8
[bar,4,11] => Conjured bar, 3, 9
[bar,4,12] => Conjured bar, 3, 10
[bar,5,-2] => Conjured bar, 4, 0
[bar,5,-1] => Conjured bar, 4, 0
[bar,5,0] => Conjured bar, 4, 0
[bar,5,1] => Conjured bar, 4, 0
[bar,5,2] => Conjured bar, 4, 0
[bar,5,3] => Conjured bar, 4, 1
[bar,5,4] => Conjured bar, 4, 2
[bar,5,5] => Conjured bar, 4, 3
[bar,5,6] => Conjured bar, 4, 4
[bar,5,7] => Conjured bar, 4, 5
[bar,5,8] => Conjured bar, 4, 6
[bar,5,9] => Conjured bar, 4, 7
[bar,5,10] => Conjured bar, 4, 8
[bar,5,11] => Conjured bar, 4, 9
[bar,5,12] => Conjured bar, 4, 10
[bar,6,-2] => Conjured bar, 5, 0
[bar,6,-1] => Conjured bar, 5, 0
[bar,6,0] => Conjured bar, 5, 0
[bar,6,1] => Conjured bar, 5, 0
[bar,6,2] => Conjured bar, 5, 0
[bar,6,3] => Conjured bar, 5, 1
[bar,6,4] => Conjured bar, 5, 2
[bar,6,5] => Conjured bar, 5, 3
[bar,6,6] => Conjured bar, 5, 4
[bar,6,7] => Conjured bar, 5, 5
[bar,6,8] => Conjured bar, 5, 6
[bar,6,9] => Conjured bar, 5, 7
[bar,6,10] => Conjured bar, 5, 8
[bar,6,11] => Conjured bar, 5, 9
[bar,6,12] => Conjured bar, 5, 10
[bar,7,-2] => Conjured bar, 6, 0
[bar,7,-1] => Conjured bar, 6, 0
[bar,7,0] => Conjured bar, 6, 0
[bar,7,1] => Conjured bar, 6, 0
[bar,7,2] => Conjured bar, 6, 0
[bar,7,3] => Conjured bar, 6, 1
[bar,7,4] => Conjured bar, 6, 2
[bar,7,5] => Conjured bar, 6, 3
[bar,7,6] => Conjured bar, 6, 4
[bar,7,7] => Conjured bar, 6, 5
[bar,7,8] => Conjured bar, 6, 6
[bar,7,9] => Conjured bar, 6, 7
[bar,7,10] => Conjured bar, 6, 8
[bar,7,11] => Conjured bar, 6, 9
[bar,7,12] => Conjured bar, 6, 10
[bar,8,-2] => Conjured bar, 7, 0
[bar,8,-1] => Conjured bar, 7, 0
[bar,8,0] => Conjured bar, 7, 0
[bar,8,1] => Conjured bar, 7, 0
[bar,8,2] => Conjured bar, 7, 0
[bar,8,3] => Conjured bar, 7, 1
[bar,8,4] => Conjured bar, 7, 2
[bar,8,5] => Conjured bar, 7, 3
[bar,8,6] => Conjured bar, 7, 4
[bar,8,7] => Conjured bar, 7, 5
[bar,8,8] => Conjured bar, 7, 6
[bar,8,9] => Conjured bar, 7, 7
[bar,8,10] => Conjured bar, 7, 8
[bar,8,11] => Conjured bar, 7, 9
[bar,8,12] => Conjured bar, 7, 10
[bar,9,-2] => Conjured bar, 8, 0
[bar,9,-1] => Conjured bar, 8, 0
[bar,9,0] => Conjured bar, 8, 0
[bar,9,1] => Conjured bar, 8, 0
[bar,9,2] => Conjured bar, 8, 0
[bar,9,3] => Conjured bar, 8, 1
[bar,9,4] => Conjured bar, 8, 2
[bar,9,5] => Conjured bar, 8, 3
[bar,9,6] => Conjured bar, 8, 4
[bar,9,7] => Conjured bar, 8, 5
[bar,9,8] => Conjured bar, 8, 6
[bar,9,9] => Conjured bar, 8, 7
[bar,9,10] => Conjured bar, 8, 8
[bar,9,11] => Conjured bar, 8, 9
[bar,9,12] => Conjured bar, 8, 10
[bar,10,-2] => Conjured bar, 9, 0
[bar,10,-1] => Conjured bar, 9, 0
[bar,10,0] => Conjured bar, 9, 0
[bar,10,1] => Conjured bar, 9, 0
[bar,10,2] => Conjured bar, 9, 0
[bar,10,3] => Conjured bar, 9, 1
[bar,10,4] => Conjured bar, 9, 2
[bar,10,5] => Conjured bar, 9, 3
[bar,10,6] => Conjured bar, 9, 4
[bar,10,7] => Conjured bar, 9, 5
[bar,10,8] => Conjured bar, 9, 6
[bar,10,9] => Conjured bar, 9, 7
[bar,10,10] => Conjured bar, 9, 8
[bar,10,11] => Conjured bar, 9, 9
[bar,10,12] => Conjured bar, 9, 10
[bar,11,-2] => Conjured bar, 10, 0
[bar,11,-1] => Conjured bar, 10, 0
[bar,11,0] => Conjured bar, 10, 0
[bar,11,1] => Conjured bar, 10, 0
[bar,11,2] => Conjured bar, 10, 0
[bar,11,3] => Conjured bar, 10, 1
[bar,11,4] => Conjured bar, 10, 2
[bar,11,5] => Conjured bar, 10, 3
[bar,11,6] => Conjured bar, 10, 4
[bar,11,7] => Conjured bar, 10, 5
[bar,11,8] => Conjured bar, 10, 6
[bar,11,9] => Conjured bar, 10, 7
[bar,11,10] => Conjured bar, 10, 8
[bar,11,11] => Conjured bar, 10, 9
[bar,11,12] => Conjured bar, 10, 10
[bar,12,-2] => Conjured bar, 11, 0
[bar,12,-1] => Conjured bar, 11, 0
[bar,12,0] => Conjured bar, 11, 0
[bar,12,1] => Conjured bar, 11, 0
[bar,12,2] => Conjured bar, 11, 0
[bar,12,3] => Conjured bar, 11, 1
[bar,12,4] => Conjured bar, 11, 2
[bar,12,5] => Conjured bar, 11, 3
[bar,12,6] => Conjured bar, 11, 4
[bar,12,7] => Conjured bar, 11, 5
[bar,12,8] => Conjured bar, 11, 6
[bar,12,9] => Conjured bar, 11, 7
[bar,12,10] => Conjured bar, 11, 8
[bar,12,11] => Conjured bar, 11, 9
[bar,12,12] => Conjured bar, 11, 10
[baz,-2,-2] => Conjured baz, -3, 0
[baz,-2,-1] => Conjured baz, -3, 0
[baz,-2,0] => Conjured baz, -3, 0
[baz,-2,1] => Conjured baz, -3, 0
[baz,-2,2] => Conjured baz, -3, 0
[baz,-2,3] => Conjured baz, -3, 0
[baz,-2,4] => Conjured baz, -3, 0
[baz,-2,5] => Conjured baz, -3, 1
[baz,-2,6] => Conjured baz, -3, 2
[baz,-2,7] => Conjured baz, -3, 3
[baz,-2,8] => Conjured baz, -3, 4
[baz,-2,9] => Conjured baz, -3, 5
[baz,-2,10] => Conjured baz, -3, 6
[baz,-2,11] => Conjured baz, -3, 7
[baz,-2,12] => Conjured baz, -3, 8
[baz,-1,-2] => Conjured baz, -2, 0
[baz,-1,-1] => Conjured baz, -2, 0
[baz,-1,0] => Conjured baz, -2, 0
[baz,-1,1] => Conjured baz, -2, 0
[baz,-1,2] => Conjured baz, -2, 0
[baz,-1,3] => Conjured baz, -2, 0
[baz,-1,4] => Conjured baz, -2, 0
[baz,-1,5] => Conjured baz, -2, 1
[baz,-1,6] => Conjured baz, -2, 2
[baz,-1,7] => Conjured baz, -2, 3
[baz,-1,8] => Conjured baz, -2, 4
[baz,-1,9] => Conjured baz, -2, 5
[baz,-1,10] => Conjured baz, -2, 6
[baz,-1,11] => Conjured baz, -2, 7
[baz,-1,12] => Conjured baz, -2, 8
[baz,0,-2] => Conjured baz, -1, 0
[baz,0,-1] => Conjured baz, -1, 0
[baz,0,0] => Conjured baz, -1, 0
[baz,0,1] => Conjured baz, -1, 0
[baz,0,2] => Conjured baz, -1, 0
[baz,0,3] => Conjured baz, -1, 0
[baz,0,4] => Conjured baz, -1, 0
[baz,0,5] => Conjured baz, -1, 1
[baz,0,6] => Conjured baz, -1, 2
[baz,0,7] => Conjured baz, -1, 3
[baz,0,8] => Conjured baz, -1, 4
[baz,0,9] => Conjured baz, -1, 5
[baz,0,10] => Conjured baz, -1, 6
[baz,0,11] => Conjured baz, -1, 7
[baz,0,12] => Conjured baz, -1, 8
[baz,1,-2] => Conjured baz, 0, 0
[baz,1,-1] => Conjured baz, 0, 0
[baz,1,0] => Conjured baz, 0, 0
[baz,1,1] => Conjured baz, 0, 0
[baz,1,2] => Conjured baz, 0, 0
[baz,1,3] => Conjured baz, 0, 1
[baz,1,4] => Conjured baz, 0, 2
[baz,1,5] => Conjured baz, 0, 3
[baz,1,6] => Conjured baz, 0, 4
[baz,1,7] => Conjured baz, 0, 5
[baz,1,8] => Conjured baz, 0, 6
[baz,1,9] => Conjured baz, 0, 7
[baz,1,10] => Conjured baz, 0, 8
[baz,1,11] => Conjured baz, 0, 9
[baz,1,12] => Conjured baz, 0, 10
[baz,2,-2] => Conjured baz, 1, 0
[baz,2,-1] => Conjured baz, 1, 0
[baz,2,0] => Conjured baz, 1, 0
[baz,2,1] => Conjured baz, 1, 0
[baz,2,2] => Conjured baz, 1, 0
[baz,2,3] => Conjured baz, 1, 1
[baz,2,4] => Conjured baz, 1, 2
[baz,2,5] => Conjured baz, 1, 3
[baz,2,6] => Conjured baz, 1, 4
[baz,2,7] => Conjured baz, 1, 5
[baz,2,8] => Conjured baz, 1, 6
[baz,2,9] => Conjured baz, 1, 7
[baz,2,10] => Conjured baz, 1, 8
[baz,2,11] => Conjured baz, 1, 9
[baz,2,12] => Conjured baz, 1, 10
[baz,3,-2] => Conjured baz, 2, 0
[baz,3,-1] => Conjured baz, 2, 0
[baz,3,0] => Conjured baz, 2, 0
[baz,3,1] => Conjured baz, 2, 0
[baz,3,2] => Conjured baz, 2, 0
[baz,3,3] => Conjured baz, 2, 1
[baz,3,4] => Conjured baz, 2, 2
[baz,3,5] => Conjured baz, 2, 3
[baz,3,6] => Conjured baz, 2, 4
[baz,3,7] => Conjured baz, 2, 5
[baz,3,8] => Conjured baz, 2, 6
[baz,3,9] => Conjured baz, 2, 7
[baz,3,10] => Conjured baz, 2, 8
[baz,3,11] => Conjured baz, 2, 9
[baz,3,12] => Conjured baz, 2, 10
[baz,4,-2] => Conjured baz, 3, 0
[baz,4,-1] => Conjured baz, 3, 0
[baz,4,0] => Conjured baz, 3, 0
[baz,4,1] => Conjured baz, 3, 0
[baz,4,2] => Conjured baz, 3, 0
[baz,4,3] => Conjured baz, 3, 1
[baz,4,4] => Conjured baz, 3, 2
[baz,4,5] => Conjured baz, 3, 3
[baz,4,6] => Conjured baz, 3, 4
[baz,4,7] => Conjured baz, 3, 5
[baz,4,8] => Conjured baz, 3, 6
[baz,4,9] => Conjured baz, 3, 7
[baz,4,10] => Conjured baz, 3, 8
[baz,4,11] => Conjured baz, 3, 9
[baz,4,12] => Conjured baz, 3, 10
[baz,5,-2] => Conjured baz, 4, 0
[baz,5,-1] => Conjured baz, 4, 0
[baz,5,0] => Conjured baz, 4, 0
[baz,5,1] => Conjured baz, 4, 0
[baz,5,2] => Conjured baz, 4, 0
[baz,5,3] => Conjured baz, 4, 1
[baz,5,4] => Conjured baz, 4, 2
[baz,5,5] => Conjured baz, 4, 3
[baz,5,6] => Conjured baz, 4, 4
[baz,5,7] => Conjured baz, 4, 5
[baz,5,8] => Conjured baz, 4, 6
[baz,5,9] => Conjured baz, 4, 7
[baz,5,10] => Conjured baz, 4, 8
[baz,5,11] => Conjured baz, 4, 9
[baz,5,12] => Conjured baz, 4, 10
[baz,6,-2] => Conjured baz, 5, 0
[baz,6,-1] => Conjured baz, 5, 0
[baz,6,0] => Conjured baz, 5, 0
[baz,6,1] => Conjured baz, 5, 0
[baz,6,2] => Conjured baz, 5, 0
[baz,6,3] => Conjured baz, 5, 1
[baz,6,4] => Conjured baz, 5, 2
[baz,6,5] => Conjured baz, 5, 3
[baz,6,6] => Conjured baz, 5, 4
[baz,6,7] => Conjured baz, 5, 5
[baz,6,8] => Conjured baz, 5, 6
[baz,6,9] => Conjured baz, 5, 7
[baz,6,10] => Conjured baz, 5, 8
[baz,6,11] => Conjured baz, 5, 9
[baz,6,12] => Conjured baz, 5, 10
[baz,7,-2] => Conjured baz, 6, 0
[baz,7,-1] => Conjured baz, 6, 0
[baz,7,0] => Conjured baz, 6, 0
[baz,7,1] => Conjured baz, 6, 0
[baz,7,2] => Conjured baz, 6, 0
[baz,7,3] => Conjured baz, 6, 1
[baz,7,4] => Conjured baz, 6, 2
[baz,7,5] => Conjured baz, 6, 3
[baz,7,6] => Conjured baz, 6, 4
[baz,7,7] => Conjured baz, 6, 5
[baz,7,8] => Conjured baz, 6, 6
[baz,7,9] => Conjured baz, 6, 7
[baz,7,10] => Conjured baz, 6, 8
[baz,7,11] => Conjured baz, 6, 9
[baz,7,12] => Conjured baz, 6, 10
[baz,8,-2] => Conjured baz, 7, 0
[baz,8,-1] => Conjured baz, 7, 0
[baz,8,0] => Conjured baz, 7, 0
[baz,8,1] => Conjured baz, 7, 0
[baz,8,2] => Conjured baz, 7, 0
[baz,8,3] => Conjured baz, 7, 1
[baz,8,4] => Conjured baz, 7, 2
[baz,8,5] => Conjured baz, 7, 3
[baz,8,6] => Conjured baz, 7, 4
[baz,8,7] => Conjured baz, 7, 5
[baz,8,8] => Conjured baz, 7, 6
[baz,8,9] => Conjured baz, 7, 7
[baz,8,10] => Conjured baz, 7, 8
[baz,8,11] => Conjured baz, 7, 9
[baz,8,12] => Conjured baz, 7, 10
[baz,9,-2] => Conjured baz, 8, 0
[baz,9,-1] => Conjured baz, 8, 0
[baz,9,0] => Conjured baz, 8, 0
[baz,9,1] => Conjured baz, 8, 0
[baz,9,2] => Conjured baz, 8, 0
[baz,9,3] => Conjured baz, 8, 1
[baz,9,4] => Conjured baz, 8, 2
[baz,9,5] => Conjured baz, 8, 3
[baz,9,6] => Conjured baz, 8, 4
[baz,9,7] => Conjured baz, 8, 5
[baz,9,8] => Conjured baz, 8, 6
[baz,9,9] => Conjured baz, 8, 7
[baz,9,10] => Conjured baz, 8, 8
[baz,9,11] => Conjured baz, 8, 9
[baz,9,12] => Conjured baz, 8, 10
[baz,10,-2] => Conjured baz, 9, 0
[baz,10,-1] => Conjured baz, 9, 0
[baz,10,0] => Conjured baz, 9, 0
[baz,10,1] => Conjured baz, 9, 0
[baz,10,2] => Conjured baz, 9, 0
[baz,10,3] => Conjured baz, 9, 1
[baz,10,4] => Conjured baz, 9, 2
[baz,10,5] => Conjured baz, 9, 3
[baz,10,6] => Conjured baz, 9, 4
[baz,10,7] => Conjured baz, 9, 5
[baz,10,8] => Conjured baz, 9, 6
[baz,10,9] => Conjured baz, 9, 7
[baz,10,10] => Conjured baz, 9, 8
[baz,10,11] => Conjured baz, 9, 9
[baz,10,12] => Conjured baz, 9, 10
[baz,11,-2] => Conjured baz, 10, 0
[baz,11,-1] => Conjured baz, 10, 0
[baz,11,0] => Conjured baz, 10, 0
[baz,11,1] => Conjured baz, 10, 0
[baz,11,2] => Conjured baz, 10, 0
[baz,11,3] => Conjured baz, 10, 1
[baz,11,4] => Conjured baz, 10, 2
[baz,11,5] => Conjured baz, 10, 3
[baz,11,6] => Conjured baz, 10, 4
[baz,11,7] => Conjured baz, 10, 5
[baz,11,8] => Conjured baz, 10, 6
[baz,11,9] => Conjured baz, 10, 7
[baz,11,10] => Conjured baz, 10, 8
[baz,11,11] => Conjured baz, 10, 9
[baz,11,12] => Conjured baz, 10, 10
[baz,12,-2] => Conjured baz, 11, 0
[baz,12,-1] => Conjured baz, 11, 0
[baz,12,0] => Conjured baz, 11, 0
[baz,12,1] => Conjured baz, 11, 0
[baz,12,2] => Conjured baz, 11, 0
[baz,12,3] => Conjured baz, 11, 1
[baz,12,4] => Conjured baz, 11, 2
[baz,12,5] => Conjured baz, 11, 3
[baz,12,6] => Conjured baz, 11, 4
[baz,12,7] => Conjured baz, 11, 5
[baz,12,8] => Conjured baz, 11, 6
[baz,12,9] => Conjured baz, 11, 7
[baz,12,10] => Conjured baz, 11, 8
[baz,12,11] => Conjured baz, 11, 9
[baz,12,12] => Conjured baz, 11, 10
