[-2,-2] => Aged Brie, -3, 1
[-2,-1] => Aged Brie, -3, 1
[-2,0] => Aged Brie, -3, 2
[-2,1] => Aged Brie, -3, 3
[-2,2] => Aged Brie, -3, 4
[-2,3] => Aged Brie, -3, 5
[-2,4] => Aged Brie, -3, 6
[-2,5] => Aged Brie, -3, 7
[-2,6] => Aged Brie, -3, 8
[-2,7] => Aged Brie, -3, 9
[-2,8] => Aged Brie, -3, 10
[-2,9] => Aged Brie, -3, 11
[-2,10] => Aged Brie, -3, 12
[-2,11] => Aged Brie, -3, 13
[-2,12] => Aged Brie, -3, 14
[-2,13] => Aged Brie, -3, 15
[-2,14] => Aged Brie, -3, 16
[-2,15] => Aged Brie, -3, 17
[-2,16] => Aged Brie, -3, 18
[-2,17] => Aged Brie, -3, 19
[-2,18] => Aged Brie, -3, 20
[-2,19] => Aged Brie, -3, 21
[-2,20] => Aged Brie, -3, 22
[-2,21] => Aged Brie, -3, 23
[-2,22] => Aged Brie, -3, 24
[-2,23] => Aged Brie, -3, 25
[-2,24] => Aged Brie, -3, 26
[-2,25] => Aged Brie, -3, 27
[-2,26] => Aged Brie, -3, 28
[-2,27] => Aged Brie, -3, 29
[-2,28] => Aged Brie, -3, 30
[-2,29] => Aged Brie, -3, 31
[-2,30] => Aged Brie, -3, 32
[-2,31] => Aged Brie, -3, 33
[-2,32] => Aged Brie, -3, 34
[-2,33] => Aged Brie, -3, 35
[-2,34] => Aged Brie, -3, 36
[-2,35] => Aged Brie, -3, 37
[-2,36] => Aged Brie, -3, 38
[-2,37] => Aged Brie, -3, 39
[-2,38] => Aged Brie, -3, 40
[-2,39] => Aged Brie, -3, 41
[-2,40] => Aged Brie, -3, 42
[-2,41] => Aged Brie, -3, 43
[-2,42] => Aged Brie, -3, 44
[-2,43] => Aged Brie, -3, 45
[-2,44] => Aged Brie, -3, 46
[-2,45] => Aged Brie, -3, 47
[-2,46] => Aged Brie, -3, 48
[-2,47] => Aged Brie, -3, 49
[-2,48] => Aged Brie, -3, 50
[-2,49] => Aged Brie, -3, 50
[-2,50] => Aged Brie, -3, 50
[-2,51] => Aged Brie, -3, 50
[-2,52] => Aged Brie, -3, 50
[-2,53] => Aged Brie, -3, 50
[-2,54] => Aged Brie, -3, 50
[-2,55] => Aged Brie, -3, 50
[-2,56] => Aged Brie, -3, 50
[-2,57] => Aged Brie, -3, 50
[-1,-2] => Aged Brie, -2, 1
[-1,-1] => Aged Brie, -2, 1
[-1,0] => Aged Brie, -2, 2
[-1,1] => Aged Brie, -2, 3
[-1,2] => Aged Brie, -2, 4
[-1,3] => Aged Brie, -2, 5
[-1,4] => Aged Brie, -2, 6
[-1,5] => Aged Brie, -2, 7
[-1,6] => Aged Brie, -2, 8
[-1,7] => Aged Brie, -2, 9
[-1,8] => Aged Brie, -2, 10
[-1,9] => Aged Brie, -2, 11
[-1,10] => Aged Brie, -2, 12
[-1,11] => Aged Brie, -2, 13
[-1,12] => Aged Brie, -2, 14
[-1,13] => Aged Brie, -2, 15
[-1,14] => Aged Brie, -2, 16
[-1,15] => Aged Brie, -2, 17
[-1,16] => Aged Brie, -2, 18
[-1,17] => Aged Brie, -2, 19
[-1,18] => Aged Brie, -2, 20
[-1,19] => Aged Brie, -2, 21
[-1,20] => Aged Brie, -2, 22
[-1,21] => Aged Brie, -2, 23
[-1,22] => Aged Brie, -2, 24
[-1,23] => Aged Brie, -2, 25
[-1,24] => Aged Brie, -2, 26
[-1,25] => Aged Brie, -2, 27
[-1,26] => Aged Brie, -2, 28
[-1,27] => Aged Brie, -2, 29
[-1,28] => Aged Brie, -2, 30
[-1,29] => Aged Brie, -2, 31
[-1,30] => Aged Brie, -2, 32
[-1,31] => Aged Brie, -2, 33
[-1,32] => Aged Brie, -2, 34
[-1,33] => Aged Brie, -2, 35
[-1,34] => Aged Brie, -2, 36
[-1,35] => Aged Brie, -2, 37
[-1,36] => Aged Brie, -2, 38
[-1,37] => Aged Brie, -2, 39
[-1,38] => Aged Brie, -2, 40
[-1,39] => Aged Brie, -2, 41
[-1,40] => Aged Brie, -2, 42
[-1,41] => Aged Brie, -2, 43
[-1,42] => Aged Brie, -2, 44
[-1,43] => Aged Brie, -2, 45
[-1,44] => Aged Brie, -2, 46
[-1,45] => Aged Brie, -2, 47
[-1,46] => Aged Brie, -2, 48
[-1,47] => Aged Brie, -2, 49
[-1,48] => Aged Brie, -2, 50
[-1,49] => Aged Brie, -2, 50
[-1,50] => Aged Brie, -2, 50
[-1,51] => Aged Brie, -2, 50
[-1,52] => Aged Brie, -2, 50
[-1,53] => Aged Brie, -2, 50
[-1,54] => Aged Brie, -2, 50
[-1,55] => Aged Brie, -2, 50
[-1,56] => Aged Brie, -2, 50
[-1,57] => Aged Brie, -2, 50
[0,-2] => Aged Brie, -1, 1
[0,-1] => Aged Brie, -1, 1
[0,0] => Aged Brie, -1, 2
[0,1] => Aged Brie, -1, 3
[0,2] => Aged Brie, -1, 4
[0,3] => Aged Brie, -1, 5
[0,4] => Aged Brie, -1, 6
[0,5] => Aged Brie, -1, 7
[0,6] => Aged Brie, -1, 8
[0,7] => Aged Brie, -1, 9
[0,8] => Aged Brie, -1, 10
[0,9] => Aged Brie, -1, 11
[0,10] => Aged Brie, -1, 12
[0,11] => Aged Brie, -1, 13
[0,12] => Aged Brie, -1, 14
[0,13] => Aged Brie, -1, 15
[0,14] => Aged Brie, -1, 16
[0,15] => Aged Brie, -1, 17
[0,16] => Aged Brie, -1, 18
[0,17] => Aged Brie, -1, 19
[0,18] => Aged Brie, -1, 20
[0,19] => Aged Brie, -1, 21
[0,20] => Aged Brie, -1, 22
[0,21] => Aged Brie, -1, 23
[0,22] => Aged Brie, -1, 24
[0,23] => Aged Brie, -1, 25
[0,24] => Aged Brie, -1, 26
[0,25] => Aged Brie, -1, 27
[0,26] => Aged Brie, -1, 28
[0,27] => Aged Brie, -1, 29
[0,28] => Aged Brie, -1, 30
[0,29] => Aged Brie, -1, 31
[0,30] => Aged Brie, -1, 32
[0,31] => Aged Brie, -1, 33
[0,32] => Aged Brie, -1, 34
[0,33] => Aged Brie, -1, 35
[0,34] => Aged Brie, -1, 36
[0,35] => Aged Brie, -1, 37
[0,36] => Aged Brie, -1, 38
[0,37] => Aged Brie, -1, 39
[0,38] => Aged Brie, -1, 40
[0,39] => Aged Brie, -1, 41
[0,40] => Aged Brie, -1, 42
[0,41] => Aged Brie, -1, 43
[0,42] => Aged Brie, -1, 44
[0,43] => Aged Brie, -1, 45
[0,44] => Aged Brie, -1, 46
[0,45] => Aged Brie, -1, 47
[0,46] => Aged Brie, -1, 48
[0,47] => Aged Brie, -1, 49
[0,48] => Aged Brie, -1, 50
[0,49] => Aged Brie, -1, 50
[0,50] => Aged Brie, -1, 50
[0,51] => Aged Brie, -1, 50
[0,52] => Aged Brie, -1, 50
[0,53] => Aged Brie, -1, 50
[0,54] => Aged Brie, -1, 50
[0,55] => Aged Brie, -1, 50
[0,56] => Aged Brie, -1, 50
[0,57] => Aged Brie, -1, 50
[1,-2] => Aged Brie, 0, 0
[1,-1] => Aged Brie, 0, 0
[1,0] => Aged Brie, 0, 1
[1,1] => Aged Brie, 0, 2
[1,2] => Aged Brie, 0, 3
[1,3] => Aged Brie, 0, 4
[1,4] => Aged Brie, 0, 5
[1,5] => Aged Brie, 0, 6
[1,6] => Aged Brie, 0, 7
[1,7] => Aged Brie, 0, 8
[1,8] => Aged Brie, 0, 9
[1,9] => Aged Brie, 0, 10
[1,10] => Aged Brie, 0, 11
[1,11] => Aged Brie, 0, 12
[1,12] => Aged Brie, 0, 13
[1,13] => Aged Brie, 0, 14
[1,14] => Aged Brie, 0, 15
[1,15] => Aged Brie, 0, 16
[1,16] => Aged Brie, 0, 17
[1,17] => Aged Brie, 0, 18
[1,18] => Aged Brie, 0, 19
[1,19] => Aged Brie, 0, 20
[1,20] => Aged Brie, 0, 21
[1,21] => Aged Brie, 0, 22
[1,22] => Aged Brie, 0, 23
[1,23] => Aged Brie, 0, 24
[1,24] => Aged Brie, 0, 25
[1,25] => Aged Brie, 0, 26
[1,26] => Aged Brie, 0, 27
[1,27] => Aged Brie, 0, 28
[1,28] => Aged Brie, 0, 29
[1,29] => Aged Brie, 0, 30
[1,30] => Aged Brie, 0, 31
[1,31] => Aged Brie, 0, 32
[1,32] => Aged Brie, 0, 33
[1,33] => Aged Brie, 0, 34
[1,34] => Aged Brie, 0, 35
[1,35] => Aged Brie, 0, 36
[1,36] => Aged Brie, 0, 37
[1,37] => Aged Brie, 0, 38
[1,38] => Aged Brie, 0, 39
[1,39] => Aged Brie, 0, 40
[1,40] => Aged Brie, 0, 41
[1,41] => Aged Brie, 0, 42
[1,42] => Aged Brie, 0, 43
[1,43] => Aged Brie, 0, 44
[1,44] => Aged Brie, 0, 45
[1,45] => Aged Brie, 0, 46
[1,46] => Aged Brie, 0, 47
[1,47] => Aged Brie, 0, 48
[1,48] => Aged Brie, 0, 49
[1,49] => Aged Brie, 0, 50
[1,50] => Aged Brie, 0, 50
[1,51] => Aged Brie, 0, 50
[1,52] => Aged Brie, 0, 50
[1,53] => Aged Brie, 0, 50
[1,54] => Aged Brie, 0, 50
[1,55] => Aged Brie, 0, 50
[1,56] => Aged Brie, 0, 50
[1,57] => Aged Brie, 0, 50
[2,-2] => Aged Brie, 1, 0
[2,-1] => Aged Brie, 1, 0
[2,0] => Aged Brie, 1, 1
[2,1] => Aged Brie, 1, 2
[2,2] => Aged Brie, 1, 3
[2,3] => Aged Brie, 1, 4
[2,4] => Aged Brie, 1, 5
[2,5] => Aged Brie, 1, 6
[2,6] => Aged Brie, 1, 7
[2,7] => Aged Brie, 1, 8
[2,8] => Aged Brie, 1, 9
[2,9] => Aged Brie, 1, 10
[2,10] => Aged Brie, 1, 11
[2,11] => Aged Brie, 1, 12
[2,12] => Aged Brie, 1, 13
[2,13] => Aged Brie, 1, 14
[2,14] => Aged Brie, 1, 15
[2,15] => Aged Brie, 1, 16
[2,16] => Aged Brie, 1, 17
[2,17] => Aged Brie, 1, 18
[2,18] => Aged Brie, 1, 19
[2,19] => Aged Brie, 1, 20
[2,20] => Aged Brie, 1, 21
[2,21] => Aged Brie, 1, 22
[2,22] => Aged Brie, 1, 23
[2,23] => Aged Brie, 1, 24
[2,24] => Aged Brie, 1, 25
[2,25] => Aged Brie, 1, 26
[2,26] => Aged Brie, 1, 27
[2,27] => Aged Brie, 1, 28
[2,28] => Aged Brie, 1, 29
[2,29] => Aged Brie, 1, 30
[2,30] => Aged Brie, 1, 31
[2,31] => Aged Brie, 1, 32
[2,32] => Aged Brie, 1, 33
[2,33] => Aged Brie, 1, 34
[2,34] => Aged Brie, 1, 35
[2,35] => Aged Brie, 1, 36
[2,36] => Aged Brie, 1, 37
[2,37] => Aged Brie, 1, 38
[2,38] => Aged Brie, 1, 39
[2,39] => Aged Brie, 1, 40
[2,40] => Aged Brie, 1, 41
[2,41] => Aged Brie, 1, 42
[2,42] => Aged Brie, 1, 43
[2,43] => Aged Brie, 1, 44
[2,44] => Aged Brie, 1, 45
[2,45] => Aged Brie, 1, 46
[2,46] => Aged Brie, 1, 47
[2,47] => Aged Brie, 1, 48
[2,48] => Aged Brie, 1, 49
[2,49] => Aged Brie, 1, 50
[2,50] => Aged Brie, 1, 50
[2,51] => Aged Brie, 1, 50
[2,52] => Aged Brie, 1, 50
[2,53] => Aged Brie, 1, 50
[2,54] => Aged Brie, 1, 50
[2,55] => Aged Brie, 1, 50
[2,56] => Aged Brie, 1, 50
[2,57] => Aged Brie, 1, 50
[3,-2] => Aged Brie, 2, 0
[3,-1] => Aged Brie, 2, 0
[3,0] => Aged Brie, 2, 1
[3,1] => Aged Brie, 2, 2
[3,2] => Aged Brie, 2, 3
[3,3] => Aged Brie, 2, 4
[3,4] => Aged Brie, 2, 5
[3,5] => Aged Brie, 2, 6
[3,6] => Aged Brie, 2, 7
[3,7] => Aged Brie, 2, 8
[3,8] => Aged Brie, 2, 9
[3,9] => Aged Brie, 2, 10
[3,10] => Aged Brie, 2, 11
[3,11] => Aged Brie, 2, 12
[3,12] => Aged Brie, 2, 13
[3,13] => Aged Brie, 2, 14
[3,14] => Aged Brie, 2, 15
[3,15] => Aged Brie, 2, 16
[3,16] => Aged Brie, 2, 17
[3,17] => Aged Brie, 2, 18
[3,18] => Aged Brie, 2, 19
[3,19] => Aged Brie, 2, 20
[3,20] => Aged Brie, 2, 21
[3,21] => Aged Brie, 2, 22
[3,22] => Aged Brie, 2, 23
[3,23] => Aged Brie, 2, 24
[3,24] => Aged Brie, 2, 25
[3,25] => Aged Brie, 2, 26
[3,26] => Aged Brie, 2, 27
[3,27] => Aged Brie, 2, 28
[3,28] => Aged Brie, 2, 29
[3,29] => Aged Brie, 2, 30
[3,30] => Aged Brie, 2, 31
[3,31] => Aged Brie, 2, 32
[3,32] => Aged Brie, 2, 33
[3,33] => Aged Brie, 2, 34
[3,34] => Aged Brie, 2, 35
[3,35] => Aged Brie, 2, 36
[3,36] => Aged Brie, 2, 37
[3,37] => Aged Brie, 2, 38
[3,38] => Aged Brie, 2, 39
[3,39] => Aged Brie, 2, 40
[3,40] => Aged Brie, 2, 41
[3,41] => Aged Brie, 2, 42
[3,42] => Aged Brie, 2, 43
[3,43] => Aged Brie, 2, 44
[3,44] => Aged Brie, 2, 45
[3,45] => Aged Brie, 2, 46
[3,46] => Aged Brie, 2, 47
[3,47] => Aged Brie, 2, 48
[3,48] => Aged Brie, 2, 49
[3,49] => Aged Brie, 2, 50
[3,50] => Aged Brie, 2, 50
[3,51] => Aged Brie, 2, 50
[3,52] => Aged Brie, 2, 50
[3,53] => Aged Brie, 2, 50
[3,54] => Aged Brie, 2, 50
[3,55] => Aged Brie, 2, 50
[3,56] => Aged Brie, 2, 50
[3,57] => Aged Brie, 2, 50
[4,-2] => Aged Brie, 3, 0
[4,-1] => Aged Brie, 3, 0
[4,0] => Aged Brie, 3, 1
[4,1] => Aged Brie, 3, 2
[4,2] => Aged Brie, 3, 3
[4,3] => Aged Brie, 3, 4
[4,4] => Aged Brie, 3, 5
[4,5] => Aged Brie, 3, 6
[4,6] => Aged Brie, 3, 7
[4,7] => Aged Brie, 3, 8
[4,8] => Aged Brie, 3, 9
[4,9] => Aged Brie, 3, 10
[4,10] => Aged Brie, 3, 11
[4,11] => Aged Brie, 3, 12
[4,12] => Aged Brie, 3, 13
[4,13] => Aged Brie, 3, 14
[4,14] => Aged Brie, 3, 15
[4,15] => Aged Brie, 3, 16
[4,16] => Aged Brie, 3, 17
[4,17] => Aged Brie, 3, 18
[4,18] => Aged Brie, 3, 19
[4,19] => Aged Brie, 3, 20
[4,20] => Aged Brie, 3, 21
[4,21] => Aged Brie, 3, 22
[4,22] => Aged Brie, 3, 23
[4,23] => Aged Brie, 3, 24
[4,24] => Aged Brie, 3, 25
[4,25] => Aged Brie, 3, 26
[4,26] => Aged Brie, 3, 27
[4,27] => Aged Brie, 3, 28
[4,28] => Aged Brie, 3, 29
[4,29] => Aged Brie, 3, 30
[4,30] => Aged Brie, 3, 31
[4,31] => Aged Brie, 3, 32
[4,32] => Aged Brie, 3, 33
[4,33] => Aged Brie, 3, 34
[4,34] => Aged Brie, 3, 35
[4,35] => Aged Brie, 3, 36
[4,36] => Aged Brie, 3, 37
[4,37] => Aged Brie, 3, 38
[4,38] => Aged Brie, 3, 39
[4,39] => Aged Brie, 3, 40
[4,40] => Aged Brie, 3, 41
[4,41] => Aged Brie, 3, 42
[4,42] => Aged Brie, 3, 43
[4,43] => Aged Brie, 3, 44
[4,44] => Aged Brie, 3, 45
[4,45] => Aged Brie, 3, 46
[4,46] => Aged Brie, 3, 47
[4,47] => Aged Brie, 3, 48
[4,48] => Aged Brie, 3, 49
[4,49] => Aged Brie, 3, 50
[4,50] => Aged Brie, 3, 50
[4,51] => Aged Brie, 3, 50
[4,52] => Aged Brie, 3, 50
[4,53] => Aged Brie, 3, 50
[4,54] => Aged Brie, 3, 50
[4,55] => Aged Brie, 3, 50
[4,56] => Aged Brie, 3, 50
[4,57] => Aged Brie, 3, 50
[5,-2] => Aged Brie, 4, 0
[5,-1] => Aged Brie, 4, 0
[5,0] => Aged Brie, 4, 1
[5,1] => Aged Brie, 4, 2
[5,2] => Aged Brie, 4, 3
[5,3] => Aged Brie, 4, 4
[5,4] => Aged Brie, 4, 5
[5,5] => Aged Brie, 4, 6
[5,6] => Aged Brie, 4, 7
[5,7] => Aged Brie, 4, 8
[5,8] => Aged Brie, 4, 9
[5,9] => Aged Brie, 4, 10
[5,10] => Aged Brie, 4, 11
[5,11] => Aged Brie, 4, 12
[5,12] => Aged Brie, 4, 13
[5,13] => Aged Brie, 4, 14
[5,14] => Aged Brie, 4, 15
[5,15] => Aged Brie, 4, 16
[5,16] => Aged Brie, 4, 17
[5,17] => Aged Brie, 4, 18
[5,18] => Aged Brie, 4, 19
[5,19] => Aged Brie, 4, 20
[5,20] => Aged Brie, 4, 21
[5,21] => Aged Brie, 4, 22
[5,22] => Aged Brie, 4, 23
[5,23] => Aged Brie, 4, 24
[5,24] => Aged Brie, 4, 25
[5,25] => Aged Brie, 4, 26
[5,26] => Aged Brie, 4, 27
[5,27] => Aged Brie, 4, 28
[5,28] => Aged Brie, 4, 29
[5,29] => Aged Brie, 4, 30
[5,30] => Aged Brie, 4, 31
[5,31] => Aged Brie, 4, 32
[5,32] => Aged Brie, 4, 33
[5,33] => Aged Brie, 4, 34
[5,34] => Aged Brie, 4, 35
[5,35] => Aged Brie, 4, 36
[5,36] => Aged Brie, 4, 37
[5,37] => Aged Brie, 4, 38
[5,38] => Aged Brie, 4, 39
[5,39] => Aged Brie, 4, 40
[5,40] => Aged Brie, 4, 41
[5,41] => Aged Brie, 4, 42
[5,42] => Aged Brie, 4, 43
[5,43] => Aged Brie, 4, 44
[5,44] => Aged Brie, 4, 45
[5,45] => Aged Brie, 4, 46
[5,46] => Aged Brie, 4, 47
[5,47] => Aged Brie, 4, 48
[5,48] => Aged Brie, 4, 49
[5,49] => Aged Brie, 4, 50
[5,50] => Aged Brie, 4, 50
[5,51] => Aged Brie, 4, 50
[5,52] => Aged Brie, 4, 50
[5,53] => Aged Brie, 4, 50
[5,54] => Aged Brie, 4, 50
[5,55] => Aged Brie, 4, 50
[5,56] => Aged Brie, 4, 50
[5,57] => Aged Brie, 4, 50
[6,-2] => Aged Brie, 5, 0
[6,-1] => Aged Brie, 5, 0
[6,0] => Aged Brie, 5, 1
[6,1] => Aged Brie, 5, 2
[6,2] => Aged Brie, 5, 3
[6,3] => Aged Brie, 5, 4
[6,4] => Aged Brie, 5, 5
[6,5] => Aged Brie, 5, 6
[6,6] => Aged Brie, 5, 7
[6,7] => Aged Brie, 5, 8
[6,8] => Aged Brie, 5, 9
[6,9] => Aged Brie, 5, 10
[6,10] => Aged Brie, 5, 11
[6,11] => Aged Brie, 5, 12
[6,12] => Aged Brie, 5, 13
[6,13] => Aged Brie, 5, 14
[6,14] => Aged Brie, 5, 15
[6,15] => Aged Brie, 5, 16
[6,16] => Aged Brie, 5, 17
[6,17] => Aged Brie, 5, 18
[6,18] => Aged Brie, 5, 19
[6,19] => Aged Brie, 5, 20
[6,20] => Aged Brie, 5, 21
[6,21] => Aged Brie, 5, 22
[6,22] => Aged Brie, 5, 23
[6,23] => Aged Brie, 5, 24
[6,24] => Aged Brie, 5, 25
[6,25] => Aged Brie, 5, 26
[6,26] => Aged Brie, 5, 27
[6,27] => Aged Brie, 5, 28
[6,28] => Aged Brie, 5, 29
[6,29] => Aged Brie, 5, 30
[6,30] => Aged Brie, 5, 31
[6,31] => Aged Brie, 5, 32
[6,32] => Aged Brie, 5, 33
[6,33] => Aged Brie, 5, 34
[6,34] => Aged Brie, 5, 35
[6,35] => Aged Brie, 5, 36
[6,36] => Aged Brie, 5, 37
[6,37] => Aged Brie, 5, 38
[6,38] => Aged Brie, 5, 39
[6,39] => Aged Brie, 5, 40
[6,40] => Aged Brie, 5, 41
[6,41] => Aged Brie, 5, 42
[6,42] => Aged Brie, 5, 43
[6,43] => Aged Brie, 5, 44
[6,44] => Aged Brie, 5, 45
[6,45] => Aged Brie, 5, 46
[6,46] => Aged Brie, 5, 47
[6,47] => Aged Brie, 5, 48
[6,48] => Aged Brie, 5, 49
[6,49] => Aged Brie, 5, 50
[6,50] => Aged Brie, 5, 50
[6,51] => Aged Brie, 5, 50
[6,52] => Aged Brie, 5, 50
[6,53] => Aged Brie, 5, 50
[6,54] => Aged Brie, 5, 50
[6,55] => Aged Brie, 5, 50
[6,56] => Aged Brie, 5, 50
[6,57] => Aged Brie, 5, 50
[7,-2] => Aged Brie, 6, 0
[7,-1] => Aged Brie, 6, 0
[7,0] => Aged Brie, 6, 1
[7,1] => Aged Brie, 6, 2
[7,2] => Aged Brie, 6, 3
[7,3] => Aged Brie, 6, 4
[7,4] => Aged Brie, 6, 5
[7,5] => Aged Brie, 6, 6
[7,6] => Aged Brie, 6, 7
[7,7] => Aged Brie, 6, 8
[7,8] => Aged Brie, 6, 9
[7,9] => Aged Brie, 6, 10
[7,10] => Aged Brie, 6, 11
[7,11] => Aged Brie, 6, 12
[7,12] => Aged Brie, 6, 13
[7,13] => Aged Brie, 6, 14
[7,14] => Aged Brie, 6, 15
[7,15] => Aged Brie, 6, 16
[7,16] => Aged Brie, 6, 17
[7,17] => Aged Brie, 6, 18
[7,18] => Aged Brie, 6, 19
[7,19] => Aged Brie, 6, 20
[7,20] => Aged Brie, 6, 21
[7,21] => Aged Brie, 6, 22
[7,22] => Aged Brie, 6, 23
[7,23] => Aged Brie, 6, 24
[7,24] => Aged Brie, 6, 25
[7,25] => Aged Brie, 6, 26
[7,26] => Aged Brie, 6, 27
[7,27] => Aged Brie, 6, 28
[7,28] => Aged Brie, 6, 29
[7,29] => Aged Brie, 6, 30
[7,30] => Aged Brie, 6, 31
[7,31] => Aged Brie, 6, 32
[7,32] => Aged Brie, 6, 33
[7,33] => Aged Brie, 6, 34
[7,34] => Aged Brie, 6, 35
[7,35] => Aged Brie, 6, 36
[7,36] => Aged Brie, 6, 37
[7,37] => Aged Brie, 6, 38
[7,38] => Aged Brie, 6, 39
[7,39] => Aged Brie, 6, 40
[7,40] => Aged Brie, 6, 41
[7,41] => Aged Brie, 6, 42
[7,42] => Aged Brie, 6, 43
[7,43] => Aged Brie, 6, 44
[7,44] => Aged Brie, 6, 45
[7,45] => Aged Brie, 6, 46
[7,46] => Aged Brie, 6, 47
[7,47] => Aged Brie, 6, 48
[7,48] => Aged Brie, 6, 49
[7,49] => Aged Brie, 6, 50
[7,50] => Aged Brie, 6, 50
[7,51] => Aged Brie, 6, 50
[7,52] => Aged Brie, 6, 50
[7,53] => Aged Brie, 6, 50
[7,54] => Aged Brie, 6, 50
[7,55] => Aged Brie, 6, 50
[7,56] => Aged Brie, 6, 50
[7,57] => Aged Brie, 6, 50
[8,-2] => Aged Brie, 7, 0
[8,-1] => Aged Brie, 7, 0
[8,0] => Aged Brie, 7, 1
[8,1] => Aged Brie, 7, 2
[8,2] => Aged Brie, 7, 3
[8,3] => Aged Brie, 7, 4
[8,4] => Aged Brie, 7, 5
[8,5] => Aged Brie, 7, 6
[8,6] => Aged Brie, 7, 7
[8,7] => Aged Brie, 7, 8
[8,8] => Aged Brie, 7, 9
[8,9] => Aged Brie, 7, 10
[8,10] => Aged Brie, 7, 11
[8,11] => Aged Brie, 7, 12
[8,12] => Aged Brie, 7, 13
[8,13] => Aged Brie, 7, 14
[8,14] => Aged Brie, 7, 15
[8,15] => Aged Brie, 7, 16
[8,16] => Aged Brie, 7, 17
[8,17] => Aged Brie, 7, 18
[8,18] => Aged Brie, 7, 19
[8,19] => Aged Brie, 7, 20
[8,20] => Aged Brie, 7, 21
[8,21] => Aged Brie, 7, 22
[8,22] => Aged Brie, 7, 23
[8,23] => Aged Brie, 7, 24
[8,24] => Aged Brie, 7, 25
[8,25] => Aged Brie, 7, 26
[8,26] => Aged Brie, 7, 27
[8,27] => Aged Brie, 7, 28
[8,28] => Aged Brie, 7, 29
[8,29] => Aged Brie, 7, 30
[8,30] => Aged Brie, 7, 31
[8,31] => Aged Brie, 7, 32
[8,32] => Aged Brie, 7, 33
[8,33] => Aged Brie, 7, 34
[8,34] => Aged Brie, 7, 35
[8,35] => Aged Brie, 7, 36
[8,36] => Aged Brie, 7, 37
[8,37] => Aged Brie, 7, 38
[8,38] => Aged Brie, 7, 39
[8,39] => Aged Brie, 7, 40
[8,40] => Aged Brie, 7, 41
[8,41] => Aged Brie, 7, 42
[8,42] => Aged Brie, 7, 43
[8,43] => Aged Brie, 7, 44
[8,44] => Aged Brie, 7, 45
[8,45] => Aged Brie, 7, 46
[8,46] => Aged Brie, 7, 47
[8,47] => Aged Brie, 7, 48
[8,48] => Aged Brie, 7, 49
[8,49] => Aged Brie, 7, 50
[8,50] => Aged Brie, 7, 50
[8,51] => Aged Brie, 7, 50
[8,52] => Aged Brie, 7, 50
[8,53] => Aged Brie, 7, 50
[8,54] => Aged Brie, 7, 50
[8,55] => Aged Brie, 7, 50
[8,56] => Aged Brie, 7, 50
[8,57] => Aged Brie, 7, 50
[9,-2] => Aged Brie, 8, 0
[9,-1] => Aged Brie, 8, 0
[9,0] => Aged Brie, 8, 1
[9,1] => Aged Brie, 8, 2
[9,2] => Aged Brie, 8, 3
[9,3] => Aged Brie, 8, 4
[9,4] => Aged Brie, 8, 5
[9,5] => Aged Brie, 8, 6
[9,6] => Aged Brie, 8, 7
[9,7] => Aged Brie, 8, 8
[9,8] => Aged Brie, 8, 9
[9,9] => Aged Brie, 8, 10
[9,10] => Aged Brie, 8, 11
[9,11] => Aged Brie, 8, 12
[9,12] => Aged Brie, 8, 13
[9,13] => Aged Brie, 8, 14
[9,14] => Aged Brie, 8, 15
[9,15] => Aged Brie, 8, 16
[9,16] => Aged Brie, 8, 17
[9,17] => Aged Brie, 8, 18
[9,18] => Aged Brie, 8, 19
[9,19] => Aged Brie, 8, 20
[9,20] => Aged Brie, 8, 21
[9,21] => Aged Brie, 8, 22
[9,22] => Aged Brie, 8, 23
[9,23] => Aged Brie, 8, 24
[9,24] => Aged Brie, 8, 25
[9,25] => Aged Brie, 8, 26
[9,26] => Aged Brie, 8, 27
[9,27] => Aged Brie, 8, 28
[9,28] => Aged Brie, 8, 29
[9,29] => Aged Brie, 8, 30
[9,30] => Aged Brie, 8, 31
[9,31] => Aged Brie, 8, 32
[9,32] => Aged Brie, 8, 33
[9,33] => Aged Brie, 8, 34
[9,34] => Aged Brie, 8, 35
[9,35] => Aged Brie, 8, 36
[9,36] => Aged Brie, 8, 37
[9,37] => Aged Brie, 8, 38
[9,38] => Aged Brie, 8, 39
[9,39] => Aged Brie, 8, 40
[9,40] => Aged Brie, 8, 41
[9,41] => Aged Brie, 8, 42
[9,42] => Aged Brie, 8, 43
[9,43] => Aged Brie, 8, 44
[9,44] => Aged Brie, 8, 45
[9,45] => Aged Brie, 8, 46
[9,46] => Aged Brie, 8, 47
[9,47] => Aged Brie, 8, 48
[9,48] => Aged Brie, 8, 49
[9,49] => Aged Brie, 8, 50
[9,50] => Aged Brie, 8, 50
[9,51] => Aged Brie, 8, 50
[9,52] => Aged Brie, 8, 50
[9,53] => Aged Brie, 8, 50
[9,54] => Aged Brie, 8, 50
[9,55] => Aged Brie, 8, 50
[9,56] => Aged Brie, 8, 50
[9,57] => Aged Brie, 8, 50
[10,-2] => Aged Brie, 9, 0
[10,-1] => Aged Brie, 9, 0
[10,0] => Aged Brie, 9, 1
[10,1] => Aged Brie, 9, 2
[10,2] => Aged Brie, 9, 3
[10,3] => Aged Brie, 9, 4
[10,4] => Aged Brie, 9, 5
[10,5] => Aged Brie, 9, 6
[10,6] => Aged Brie, 9, 7
[10,7] => Aged Brie, 9, 8
[10,8] => Aged Brie, 9, 9
[10,9] => Aged Brie, 9, 10
[10,10] => Aged Brie, 9, 11
[10,11] => Aged Brie, 9, 12
[10,12] => Aged Brie, 9, 13
[10,13] => Aged Brie, 9, 14
[10,14] => Aged Brie, 9, 15
[10,15] => Aged Brie, 9, 16
[10,16] => Aged Brie, 9, 17
[10,17] => Aged Brie, 9, 18
[10,18] => Aged Brie, 9, 19
[10,19] => Aged Brie, 9, 20
[10,20] => Aged Brie, 9, 21
[10,21] => Aged Brie, 9, 22
[10,22] => Aged Brie, 9, 23
[10,23] => Aged Brie, 9, 24
[10,24] => Aged Brie, 9, 25
[10,25] => Aged Brie, 9, 26
[10,26] => Aged Brie, 9, 27
[10,27] => Aged Brie, 9, 28
[10,28] => Aged Brie, 9, 29
[10,29] => Aged Brie, 9, 30
[10,30] => Aged Brie, 9, 31
[10,31] => Aged Brie, 9, 32
[10,32] => Aged Brie, 9, 33
[10,33] => Aged Brie, 9, 34
[10,34] => Aged Brie, 9, 35
[10,35] => Aged Brie, 9, 36
[10,36] => Aged Brie, 9, 37
[10,37] => Aged Brie, 9, 38
[10,38] => Aged Brie, 9, 39
[10,39] => Aged Brie, 9, 40
[10,40] => Aged Brie, 9, 41
[10,41] => Aged Brie, 9, 42
[10,42] => Aged Brie, 9, 43
[10,43] => Aged Brie, 9, 44
[10,44] => Aged Brie, 9, 45
[10,45] => Aged Brie, 9, 46
[10,46] => Aged Brie, 9, 47
[10,47] => Aged Brie, 9, 48
[10,48] => Aged Brie, 9, 49
[10,49] => Aged Brie, 9, 50
[10,50] => Aged Brie, 9, 50
[10,51] => Aged Brie, 9, 50
[10,52] => Aged Brie, 9, 50
[10,53] => Aged Brie, 9, 50
[10,54] => Aged Brie, 9, 50
[10,55] => Aged Brie, 9, 50
[10,56] => Aged Brie, 9, 50
[10,57] => Aged Brie, 9, 50
[11,-2] => Aged Brie, 10, 0
[11,-1] => Aged Brie, 10, 0
[11,0] => Aged Brie, 10, 1
[11,1] => Aged Brie, 10, 2
[11,2] => Aged Brie, 10, 3
[11,3] => Aged Brie, 10, 4
[11,4] => Aged Brie, 10, 5
[11,5] => Aged Brie, 10, 6
[11,6] => Aged Brie, 10, 7
[11,7] => Aged Brie, 10, 8
[11,8] => Aged Brie, 10, 9
[11,9] => Aged Brie, 10, 10
[11,10] => Aged Brie, 10, 11
[11,11] => Aged Brie, 10, 12
[11,12] => Aged Brie, 10, 13
[11,13] => Aged Brie, 10, 14
[11,14] => Aged Brie, 10, 15
[11,15] => Aged Brie, 10, 16
[11,16] => Aged Brie, 10, 17
[11,17] => Aged Brie, 10, 18
[11,18] => Aged Brie, 10, 19
[11,19] => Aged Brie, 10, 20
[11,20] => Aged Brie, 10, 21
[11,21] => Aged Brie, 10, 22
[11,22] => Aged Brie, 10, 23
[11,23] => Aged Brie, 10, 24
[11,24] => Aged Brie, 10, 25
[11,25] => Aged Brie, 10, 26
[11,26] => Aged Brie, 10, 27
[11,27] => Aged Brie, 10, 28
[11,28] => Aged Brie, 10, 29
[11,29] => Aged Brie, 10, 30
[11,30] => Aged Brie, 10, 31
[11,31] => Aged Brie, 10, 32
[11,32] => Aged Brie, 10, 33
[11,33] => Aged Brie, 10, 34
[11,34] => Aged Brie, 10, 35
[11,35] => Aged Brie, 10, 36
[11,36] => Aged Brie, 10, 37
[11,37] => Aged Brie, 10, 38
[11,38] => Aged Brie, 10, 39
[11,39] => Aged Brie, 10, 40
[11,40] => Aged Brie, 10, 41
[11,41] => Aged Brie, 10, 42
[11,42] => Aged Brie, 10, 43
[11,43] => Aged Brie, 10, 44
[11,44] => Aged Brie, 10, 45
[11,45] => Aged Brie, 10, 46
[11,46] => Aged Brie, 10, 47
[11,47] => Aged Brie, 10, 48
[11,48] => Aged Brie, 10, 49
[11,49] => Aged Brie, 10, 50
[11,50] => Aged Brie, 10, 50
[11,51] => Aged Brie, 10, 50
[11,52] => Aged Brie, 10, 50
[11,53] => Aged Brie, 10, 50
[11,54] => Aged Brie, 10, 50
[11,55] => Aged Brie, 10, 50
[11,56] => Aged Brie, 10, 50
[11,57] => Aged Brie, 10, 50
[12,-2] => Aged Brie, 11, 0
[12,-1] => Aged Brie, 11, 0
[12,0] => Aged Brie, 11, 1
[12,1] => Aged Brie, 11, 2
[12,2] => Aged Brie, 11, 3
[12,3] => Aged Brie, 11, 4
[12,4] => Aged Brie, 11, 5
[12,5] => Aged Brie, 11, 6
[12,6] => Aged Brie, 11, 7
[12,7] => Aged Brie, 11, 8
[12,8] => Aged Brie, 11, 9
[12,9] => Aged Brie, 11, 10
[12,10] => Aged Brie, 11, 11
[12,11] => Aged Brie, 11, 12
[12,12] => Aged Brie, 11, 13
[12,13] => Aged Brie, 11, 14
[12,14] => Aged Brie, 11, 15
[12,15] => Aged Brie, 11, 16
[12,16] => Aged Brie, 11, 17
[12,17] => Aged Brie, 11, 18
[12,18] => Aged Brie, 11, 19
[12,19] => Aged Brie, 11, 20
[12,20] => Aged Brie, 11, 21
[12,21] => Aged Brie, 11, 22
[12,22] => Aged Brie, 11, 23
[12,23] => Aged Brie, 11, 24
[12,24] => Aged Brie, 11, 25
[12,25] => Aged Brie, 11, 26
[12,26] => Aged Brie, 11, 27
[12,27] => Aged Brie, 11, 28
[12,28] => Aged Brie, 11, 29
[12,29] => Aged Brie, 11, 30
[12,30] => Aged Brie, 11, 31
[12,31] => Aged Brie, 11, 32
[12,32] => Aged Brie, 11, 33
[12,33] => Aged Brie, 11, 34
[12,34] => Aged Brie, 11, 35
[12,35] => Aged Brie, 11, 36
[12,36] => Aged Brie, 11, 37
[12,37] => Aged Brie, 11, 38
[12,38] => Aged Brie, 11, 39
[12,39] => Aged Brie, 11, 40
[12,40] => Aged Brie, 11, 41
[12,41] => Aged Brie, 11, 42
[12,42] => Aged Brie, 11, 43
[12,43] => Aged Brie, 11, 44
[12,44] => Aged Brie, 11, 45
[12,45] => Aged Brie, 11, 46
[12,46] => Aged Brie, 11, 47
[12,47] => Aged Brie, 11, 48
[12,48] => Aged Brie, 11, 49
[12,49] => Aged Brie, 11, 50
[12,50] => Aged Brie, 11, 50
[12,51] => Aged Brie, 11, 50
[12,52] => Aged Brie, 11, 50
[12,53] => Aged Brie, 11, 50
[12,54] => Aged Brie, 11, 50
[12,55] => Aged Brie, 11, 50
[12,56] => Aged Brie, 11, 50
[12,57] => Aged Brie, 11, 50
